
Memory Configuration

Name             Origin             Length             Attributes
ram              0x80000000         0x00500000         xrw
*default*        0x00000000         0xffffffff

Linker script and memory map

                0x00000000                __DYNAMIC=0x0
                0x00400000                PROVIDE (__stack, 0x400000)
                0x00000000                PROVIDE (hardware_init_hook, 0x0)
                0x00000000                PROVIDE (_hardware_init_hook, 0x0)
                0x00000000                PROVIDE (software_init_hook, 0x0)
                0x00000000                PROVIDE (_software_init_hook, 0x0)

.text           0x80000000    0x58d50
 *(.text)
 .text          0x80000000     0xdc8e S2_Yamaha_RX_A820_RS232_Command___FB_Processor_v1_0.o
                0x8000d62c                S2_Yamaha_RX_A820_RS232_Command___FB_Processor_v1_0EventHandler00000
                0x8000d952                S2_Yamaha_RX_A820_RS232_Command___FB_Processor_v1_0EventHandler00002
                0x8000dbbe                S2_Yamaha_RX_A820_RS232_Command___FB_Processor_v1_0_main
                0x8000dac2                S2_Yamaha_RX_A820_RS232_Command___FB_Processor_v1_0_EventHandler
                0x8000d76e                S2_Yamaha_RX_A820_RS232_Command___FB_Processor_v1_0EventHandler00001
 *fill*         0x8000dc8e        0x2
 .text          0x8000dc90      0xe1c S2_Managed_Power___Input_v1_00.o
                0x8000e940                S2_Managed_Power___Input_v1_00EventHandler00003
                0x8000e7b0                S2_Managed_Power___Input_v1_00_EventHandler
                0x8000e274                S2_Managed_Power___Input_v1_00EventHandler00002
                0x8000df9e                S2_Managed_Power___Input_v1_00EventHandler00000
                0x8000e85e                S2_Managed_Power___Input_v1_00_main
                0x8000e0ee                S2_Managed_Power___Input_v1_00EventHandler00001
                0x8000e9fc                S2_Managed_Power___Input_v1_00EventHandler00005
                0x8000e52e                S2_Managed_Power___Input_v1_00EventHandler00004
 .text          0x8000eaac      0x33c S2_Managed_Power___Input_f_x__v1_00.o
                0x8000ec3e                S2_Managed_Power___Input_f_x__v1_00_EventHandler
                0x8000ed08                S2_Managed_Power___Input_f_x__v1_00_main
                0x8000eaac                S2_Managed_Power___Input_f_x__v1_00EventHandler00000
 .text          0x8000ede8      0x196 S2_Digital_Edge_Detection_v1_00.o
                0x8000ef32                S2_Digital_Edge_Detection_v1_00EventHandler00001
                0x8000eee8                S2_Digital_Edge_Detection_v1_00EventHandler00000
                0x8000ede8                S2_Digital_Edge_Detection_v1_00_EventHandler
                0x8000eea2                S2_Digital_Edge_Detection_v1_00_main
 *fill*         0x8000ef7e        0x2
 .text          0x8000ef80      0x3ec S2_Managed_Power_v1_00.o
                0x8000f2c0                S2_Managed_Power_v1_00EventHandler00002
                0x8000f146                S2_Managed_Power_v1_00_main
                0x8000f216                S2_Managed_Power_v1_00EventHandler00000
                0x8000f18c                S2_Managed_Power_v1_00_EventHandler
                0x8000f300                S2_Managed_Power_v1_00EventHandler00003
                0x8000f256                S2_Managed_Power_v1_00EventHandler00001
 .text          0x8000f36c    0x40ad0 S2_iPort_v04_2.o
                0x80038612                S2_iPort_v04_2EventHandler00023
                0x8004f148                S2_iPort_v04_2NEXT_WAIT
                0x80035ab2                S2_iPort_v04_2EventHandler00013
                0x80034fda                S2_iPort_v04_2EventHandler0000F
                0x80033cf4                S2_iPort_v04_2EventHandler00008
                0x80035290                S2_iPort_v04_2EventHandler00010
                0x800388c8                S2_iPort_v04_2EventHandler00024
                0x80036dac                S2_iPort_v04_2EventHandler0001A
                0x80033a42                S2_iPort_v04_2EventHandler00007
                0x8004f864                S2_iPort_v04_2EventHandler0002D
                0x8004faea                S2_iPort_v04_2EventHandler00038
                0x8002d6e4                S2_iPort_v04_2EventHandler00002
                0x8004fc92                S2_iPort_v04_2EventHandler0003B
                0x8004cbb6                S2_iPort_v04_2EventHandler00045
                0x80036840                S2_iPort_v04_2EventHandler00018
                0x8004f10a                S2_iPort_v04_2PLAYER_WAIT_MAIN
                0x8004bbae                S2_iPort_v04_2EventHandler0003F
                0x800380a6                S2_iPort_v04_2EventHandler00021
                0x8004f614                S2_iPort_v04_2EventHandler00029
                0x8004d760                S2_iPort_v04_2_EventHandler
                0x8004a8d4                S2_iPort_v04_2EventHandler00033
                0x80037df0                S2_iPort_v04_2EventHandler00020
                0x8004f55e                S2_iPort_v04_2EventHandler00028
                0x8003601e                S2_iPort_v04_2EventHandler00015
                0x8004f79e                S2_iPort_v04_2EventHandler0002C
                0x800334de                S2_iPort_v04_2EventHandler00005
                0x80034d24                S2_iPort_v04_2EventHandler0000E
                0x80037318                S2_iPort_v04_2EventHandler0001C
                0x8004f254                S2_iPort_v04_2EventHandler00000
                0x8004c60c                S2_iPort_v04_2EventHandler00043
                0x80036af6                S2_iPort_v04_2EventHandler00019
                0x8004c4c0                S2_iPort_v04_2EventHandler00042
                0x80037884                S2_iPort_v04_2EventHandler0001E
                0x80038c66                S2_iPort_v04_2EventHandler00025
                0x8004fce0                S2_iPort_v04_2EventHandler0003C
                0x800357fc                S2_iPort_v04_2EventHandler00012
                0x8004f2ba                S2_iPort_v04_2EventHandler00001
                0x8003450a                S2_iPort_v04_2EventHandler0000B
                0x8004c754                S2_iPort_v04_2EventHandler00044
                0x80037062                S2_iPort_v04_2EventHandler0001B
                0x800362d4                S2_iPort_v04_2EventHandler00016
                0x80037b3a                S2_iPort_v04_2EventHandler0001F
                0x8004f9d6                S2_iPort_v04_2EventHandler00030
                0x8004f36a                S2_iPort_v04_2EventHandler00026
                0x8004f676                S2_iPort_v04_2EventHandler0002A
                0x80033fa6                S2_iPort_v04_2EventHandler00009
                0x8004f95c                S2_iPort_v04_2EventHandler0002F
                0x8004ac10                S2_iPort_v04_2EventHandler00034
                0x8003325c                S2_iPort_v04_2EventHandler00004
                0x8003658a                S2_iPort_v04_2EventHandler00017
                0x8004b222                S2_iPort_v04_2EventHandler00035
                0x8003835c                S2_iPort_v04_2EventHandler00022
                0x80034258                S2_iPort_v04_2EventHandler0000A
                0x8004bf32                S2_iPort_v04_2EventHandler00040
                0x80049fae                S2_iPort_v04_2EventHandler00031
                0x8004b82a                S2_iPort_v04_2EventHandler0003E
                0x8004fb38                S2_iPort_v04_2EventHandler00039
                0x8004f43e                S2_iPort_v04_2EventHandler00027
                0x8004fc46                S2_iPort_v04_2EventHandler0003A
                0x80035546                S2_iPort_v04_2EventHandler00011
                0x80035d68                S2_iPort_v04_2EventHandler00014
                0x800375ce                S2_iPort_v04_2EventHandler0001D
                0x8004f8e0                S2_iPort_v04_2EventHandler0002E
                0x8004f0cc                S2_iPort_v04_2PLAYER_WAIT
                0x8004a5a0                S2_iPort_v04_2EventHandler00032
                0x8004f1ce                S2_iPort_v04_2PREV_WAIT
                0x8004f73c                S2_iPort_v04_2EventHandler0002B
                0x8004fa50                S2_iPort_v04_2EventHandler00036
                0x8004f320                S2_iPort_v04_2EventHandler00003
                0x80033790                S2_iPort_v04_2EventHandler00006
                0x800347bc                S2_iPort_v04_2EventHandler0000C
                0x8004fd2e                S2_iPort_v04_2EventHandler0003D
                0x80034a6e                S2_iPort_v04_2EventHandler0000D
                0x8004c314                S2_iPort_v04_2EventHandler00041
                0x8004d884                S2_iPort_v04_2_main
                0x8004fa9c                S2_iPort_v04_2EventHandler00037
 .text          0x8004fe3c      0x3c6 S2_Index_Translation_f_x_.o
                0x80050038                S2_Index_Translation_f_x__EventHandler
                0x80050108                S2_Index_Translation_f_x__main
                0x8004fe3c                S2_Index_Translation_f_x_EventHandler00000
 *fill*         0x80050202        0x2
 .text          0x80050204     0x5836 library.o
                0x800543f0                RotateRightLong
                0x800549fe                IsSystem
                0x80054354                Seed
                0x80051c4c                Remove
                0x80053fd0                Ltoa
                0x80053cfc                Atoi
                0x80053064                InitRampInfoArray
                0x800547aa                Right
                0x800557da                LockInputSema
                0x8005427e                Mod
                0x80054466                Getc
                0x800541b2                SMuldiv
                0x800549e0                IsHidden
                0x80054096                Min
                0x800555ee                hextosi
                0x80054b84                WriteIntegerArray
                0x800550fa                GetSignedIntArrayElementPtr
                0x80053a1e                CheckStructArray
                0x80055602                hextosl
                0x80054d0a                WriteSignedIntegerArray
                0x800536e6                InitStringParamArray
                0x800529b8                ReadSignedLongIntegerArray
                0x800518da                GatherToDelimiter
                0x8005350a                InitStringArray
                0x80054070                Max
                0x80054a3a                IsReadOnly
                0x8005417a                SMax
                0x80051a7e                GatherByLength
                0x80053f0a                Chr
                0x80054b5c                ReadSignedLongInteger
                0x80053f88                Itohex
                0x80053990                GetStructArrayElement
                0x80053c84                UNS_SetByte
                0x8005477e                ReverseFindi
                0x80052e60                ReadStringArray
                0x80054f0a                GetIntArrayElementPtr
                0x800545ba                Lower
                0x80054370                RotateLeft
                0x80055722                ResizeIfAutogrow
                0x80053190                CheckInputArray
                0x80050772                ResizeStringArray
                0x80053e9c                Atosl
                0x80053cc4                High
                0x80054320                Rnd
                0x80054242                UMod
                0x800543c6                RotateLeftLong
                0x8005584e                FindNumericChar
                0x80055352                CheckIOArrayBounds2
                0x80054998                MakeProgramFilename
                0x80054196                SMin
                0x800544ee                Left
                0x80054430                CheckBufferThreshold
                0x80054b14                ReadSignedInteger
                0x80053cee                LowWord
                0x80050204                Bit
                0x80054ac4                ReadLongInteger
                0x80053b02                Byte
                0x80055002                GetLongArrayElementPtr
                0x80054750                ReverseFind
                0x800549ae                GetSeries
                0x8005591a                InitTcpServer
                0x800545a2                Len
                0x80055422                InitializeRampInfoInternal
                0x800540bc                Divide
                0x80053e08                Atol
                0x800549a4                GetModelNumber
                0x800552ea                CheckIOArrayBounds
                0x800531ea                CheckStringInputArray
                0x80054dcc                WriteSignedLongIntegerArray
                0x800538da                GetStringArrayElement
                0x80054014                Ltohex
                0x80053f40                Itoa
                0x8005439a                RotateRight
                0x80051f3a                InternalReverseFind
                0x80054aa4                WriteLongInteger
                0x8005340e                InitDynamicStringStruct
                0x80053300                SetStringArray
                0x80052796                ReadSignedIntegerArray
                0x80053244                SetOutputArray
                0x80054a54                WriteInteger
                0x8005386e                InitStructDynamicArray
                0x800521c4                SetString
                0x800542ba                Random
                0x80054aec                WriteSignedInteger
                0x80050468                Find
                0x800549b8                GetProgramNumber
                0x8005468e                Mid
                0x8005588c                InitTcpClient
                0x80051356                ResizeStructArray
                0x800551f2                GetSignedLongArrayElementPtr
                0x80055614                hextol
                0x80052bda                ReadString
                0x800535a0                InitDynamicStringArray
                0x800556fa                UpperChar
                0x80053d98                Atosi
                0x80054a7c                ReadInteger
                0x8005412e                Muldiv
                0x800532b2                SetStringOutputArray
                0x80054e90                WriteString
                0x80050dca                ResizeIntegerArray
                0x80053158                InitInOutArray
                0x800537ae                InitNvramStringArray
                0x80054058                Abs
                0x800541fe                SDivide
                0x80052354                ReadIntegerArray
                0x80050314                CompareStrings
                0x800556d2                LowerChar
                0x800559aa                InitUdpSocket
                0x80054418                ClearBuffer
                0x80054866                Upper
                0x8005384a                InitStructArray
                0x8005493c                MakeLower
                0x80054a1c                IsVolume
                0x80051da6                RemoveByLength
                0x80053a9a                CheckStringOutputArrayIndex
                0x80054c46                WriteLongIntegerArray
                0x800554ce                InitRampInfoStructArray
                0x80053ce0                HighWord
                0x800505dc                ResizeString
                0x800549c2                IsDirectory
                0x80052574                ReadLongIntegerArray
                0x80053cd2                Low
                0x80051780                Gather
                0x8005496a                MakeUpper
                0x800533d0                InitStringStruct
                0x800553ba                CheckStringArrayBounds
                0x80054100                CheckDenominator
                0x800555d6                hextoi
                0x80052cf8                WriteStringArray
                0x80053bc2                SetByte
                0x80055478                InitializeRampInfo
                0x80055814                UnLockInputSema
                0x80054b3c                WriteSignedLongInteger
                0x800534c2                InitNvramStringStruct
 *fill*         0x80055a3a        0x6
                0x80055a40                .=ALIGN(0x10)
 *(.eh_frame)
                0x80055a40                .=ALIGN(0x10)
 *(.gnu.linkonce.t.*)
                0x80055a40                .=ALIGN(0x4)
                0x80055a40                __CTOR_LIST__=.
                0x80055a40                ___CTOR_LIST__=.
                0x80055a40        0x4 LONG 0x0 (((__CTOR_END__-__CTOR_LIST__)/0x4)-0x2)
 *(.ctors)
                0x80055a44        0x4 LONG 0x0
                0x80055a48                __CTOR_END__=.
                0x80055a48                __DTOR_LIST__=.
                0x80055a48                ___DTOR_LIST__=.
                0x80055a48        0x4 LONG 0x0 (((__DTOR_END__-__DTOR_LIST__)/0x4)-0x2)
 *(.dtors)
                0x80055a4c        0x4 LONG 0x0
                0x80055a50                __DTOR_END__=.
 *(.rodata)
 .rodata        0x80055a50      0xfaf S2_Yamaha_RX_A820_RS232_Command___FB_Processor_v1_0.o
 .rodata        0x800569ff      0x24f S2_Managed_Power___Input_v1_00.o
 .rodata        0x80056c4e      0x240 S2_Managed_Power___Input_f_x__v1_00.o
 .rodata        0x80056e8e      0x22f S2_Digital_Edge_Detection_v1_00.o
 .rodata        0x800570bd      0x22f S2_Managed_Power_v1_00.o
 .rodata        0x800572ec      0xb9c S2_iPort_v04_2.o
 .rodata        0x80057e88      0x255 S2_Index_Translation_f_x_.o
 .rodata        0x800580dd      0xc54 library.o
 *(.gcc_except_table)
 *fill*         0x80058d31        0x1
                0x80058d32                .=ALIGN(0x2)
                0x80058d32                __INIT_SECTION__=.
                0x80058d32        0x4 LONG 0x4e560000
 *(.init)
                0x80058d36        0x2 SHORT 0x4e5e
                0x80058d38        0x2 SHORT 0x4e75
                0x80058d3a                __FINI_SECTION__=.
                0x80058d3a        0x4 LONG 0x4e560000
 *(.fini)
                0x80058d3e        0x2 SHORT 0x4e5e
                0x80058d40        0x2 SHORT 0x4e75
 *(.lit)
 *fill*         0x80058d42        0xe
                0x80058d50                .=ALIGN(0x10)
                0x80058d50                _etext=.
                0x80058d50                etext=.

.data           0x80058d50        0x0
                0x80058d50                copy_start=.
 *(.shdata)
 *(.data)
 *(.gnu.linkonce.d.*)
                0x80058d50                .=ALIGN(0x10)
                0x80058d50                _edata=.
                0x80058d50                copy_end=.

.got
 *(.got.plt)
 *(.got)

EntryList       0x80058d50      0x770
 *(EntryList)
 EntryList      0x80058d50      0x110 S2_Yamaha_RX_A820_RS232_Command___FB_Processor_v1_0.o
                0x80058d50                S2_Yamaha_RX_A820_RS232_Command___FB_Processor_v1_0_Entry
 EntryList      0x80058e60      0x110 S2_Managed_Power___Input_v1_00.o
                0x80058e60                S2_Managed_Power___Input_v1_00_Entry
 EntryList      0x80058f70      0x110 S2_Managed_Power___Input_f_x__v1_00.o
                0x80058f70                S2_Managed_Power___Input_f_x__v1_00_Entry
 EntryList      0x80059080      0x110 S2_Digital_Edge_Detection_v1_00.o
                0x80059080                S2_Digital_Edge_Detection_v1_00_Entry
 EntryList      0x80059190      0x110 S2_Managed_Power_v1_00.o
                0x80059190                S2_Managed_Power_v1_00_Entry
 EntryList      0x800592a0      0x110 S2_iPort_v04_2.o
                0x800592a0                S2_iPort_v04_2_Entry
 EntryList      0x800593b0      0x110 S2_Index_Translation_f_x_.o
                0x800593b0                S2_Index_Translation_f_x__Entry
                0x800594c0                .=ALIGN(0x4)

FunctionList    0x800594c0        0x4
 *(FunctionList)
 FunctionList   0x800594c0        0x4 globals.o
                0x800594c0                g_pFunctions
                0x800594c4                .=ALIGN(0x4)

.bss            0x800594c4        0x0
                0x800594c4                .=ALIGN(0x4)
                0x800594c4                __bss_start=.
 *(.shbss)
 *(.bss)
 *(COMMON)
                0x800594c8                _end=ALIGN(0x8)
                0x800594c8                __end=_end

.stab
 *(.stab)

.stabstr
 *(.stabstr)

.debug
 *(.debug)

.line
 *(.line)

.debug_srcinfo
 *(.debug_srcinfo)

.debug_sfnames
 *(.debug_sfnames)

.debug_aranges
 *(.debug_aranges)

.debug_pubnames
 *(.debug_pubnames)

.debug_info
 *(.debug_info)

.debug_abbrev
 *(.debug_abbrev)

.debug_line
 *(.debug_line)

.debug_frame
 *(.debug_frame)

.debug_str
 *(.debug_str)

.debug_loc
 *(.debug_loc)

.debug_macinfo
 *(.debug_macinfo)

.debug_weaknames
 *(.debug_weaknames)

.debug_funcnames
 *(.debug_funcnames)

.debug_typenames
 *(.debug_typenames)

.debug_varnames
 *(.debug_varnames)
LOAD S2_Yamaha_RX_A820_RS232_Command___FB_Processor_v1_0.o
LOAD S2_Managed_Power___Input_v1_00.o
LOAD S2_Managed_Power___Input_f_x__v1_00.o
LOAD S2_Digital_Edge_Detection_v1_00.o
LOAD S2_Managed_Power_v1_00.o
LOAD S2_iPort_v04_2.o
LOAD S2_Index_Translation_f_x_.o
LOAD globals.o
LOAD library.o
OUTPUT(_S2_TAO_16_8_3.spl elf32-m68k)

.comment        0x800594c4      0x156
 .comment       0x800594c4       0x26 S2_Yamaha_RX_A820_RS232_Command___FB_Processor_v1_0.o
 .comment       0x800594ea       0x26 S2_Managed_Power___Input_v1_00.o
 .comment       0x80059510       0x26 S2_Managed_Power___Input_f_x__v1_00.o
 .comment       0x80059536       0x26 S2_Digital_Edge_Detection_v1_00.o
 .comment       0x8005955c       0x26 S2_Managed_Power_v1_00.o
 .comment       0x80059582       0x26 S2_iPort_v04_2.o
 .comment       0x800595a8       0x26 S2_Index_Translation_f_x_.o
 .comment       0x800595ce       0x26 globals.o
 .comment       0x800595f4       0x26 library.o
